NTRUParameters(n=2048, q=73786976294838206464, Xs=D(σ=0.82), Xe=D(σ=0.82), m=2048, tag=None, ntru_type='matrix')
 usvp          rop: ≈2^69.8
         red: ≈2^69.8
           δ: 1.005617
           β:      239
           d:     3891
         tag:     usvp
 dsd          rop: ≈2^26.6
         red: ≈2^26.6
           δ: 1.009686
           β:       91
           d:     4096
         tag:      dsd
NTRUParameters(n=2048, q=18889465931478580854784, Xs=D(σ=13.00), Xe=D(σ=13.00), m=2048, tag=None, ntru_type='matrix')
 usvp          rop: ≈2^69.8
         red: ≈2^69.8
           δ: 1.005617
           β:      239
           d:     4019
         tag:     usvp
 dsd          rop: ≈2^26.6
         red: ≈2^26.6
           δ: 1.009686
           β:       91
           d:     4096
         tag:      dsd
NTRUParameters(n=2048, q=576460752303423488, Xs=D(σ=7.12), Xe=D(σ=7.12), m=2048, tag=None, ntru_type='matrix')
 usvp          rop: ≈2^96.7
         red: ≈2^96.7
           δ: 1.004533
           β:      331
           d:     4027
         tag:     usvp
 dsd          rop: ≈2^44.1
         red: ≈2^44.1
           δ: 1.007428
           β:      151
           d:     4096
         tag:      dsd
